// Jest Snapshot v1, https://goo.gl/fbAQLP

exports[`renders without crashing 1`] = `
<div
  className="app-container"
  data-test="app-container"
  title="zzh"
>
  hello world
</div>
`;
